../DEMO/riverdi-eve/eve_layer/CoPro_Cmds.c:37:1:COUNT_ARGS	8	static
../DEMO/riverdi-eve/eve_layer/CoPro_Cmds.c:58:1:Gpu_CoCmd_Text	16	static
../DEMO/riverdi-eve/eve_layer/CoPro_Cmds.c:89:1:Gpu_CoCmd_Number	0	static
../DEMO/riverdi-eve/eve_layer/CoPro_Cmds.c:102:1:Gpu_CoCmd_LoadIdentity	0	static
../DEMO/riverdi-eve/eve_layer/CoPro_Cmds.c:110:1:Gpu_CoCmd_Toggle	16	static
../DEMO/riverdi-eve/eve_layer/CoPro_Cmds.c:139:1:Gpu_CoCmd_Gauge	0	static
../DEMO/riverdi-eve/eve_layer/CoPro_Cmds.c:156:1:Gpu_CoCmd_RegRead	0	static
../DEMO/riverdi-eve/eve_layer/CoPro_Cmds.c:166:1:Gpu_CoCmd_GetProps	0	static
../DEMO/riverdi-eve/eve_layer/CoPro_Cmds.c:178:1:Gpu_CoCmd_Memcpy	0	static
../DEMO/riverdi-eve/eve_layer/CoPro_Cmds.c:190:1:Gpu_CoCmd_Spinner	0	static
../DEMO/riverdi-eve/eve_layer/CoPro_Cmds.c:202:1:Gpu_CoCmd_BgColor	0	static
../DEMO/riverdi-eve/eve_layer/CoPro_Cmds.c:211:1:Gpu_CoCmd_Swap	0	static
../DEMO/riverdi-eve/eve_layer/CoPro_Cmds.c:219:1:Gpu_CoCmd_Inflate	0	static
../DEMO/riverdi-eve/eve_layer/CoPro_Cmds.c:228:1:Gpu_CoCmd_Translate	0	static
../DEMO/riverdi-eve/eve_layer/CoPro_Cmds.c:238:1:Gpu_CoCmd_Stop	0	static
../DEMO/riverdi-eve/eve_layer/CoPro_Cmds.c:246:1:Gpu_CoCmd_Slider	0	static
../DEMO/riverdi-eve/eve_layer/CoPro_Cmds.c:260:1:Gpu_CoCmd_TouchTransform	0	static
../DEMO/riverdi-eve/eve_layer/CoPro_Cmds.c:284:1:Gpu_CoCmd_Interrupt	0	static
../DEMO/riverdi-eve/eve_layer/CoPro_Cmds.c:293:1:Gpu_CoCmd_FgColor	0	static
../DEMO/riverdi-eve/eve_layer/CoPro_Cmds.c:302:1:Gpu_CoCmd_Rotate	0	static
../DEMO/riverdi-eve/eve_layer/CoPro_Cmds.c:311:1:Gpu_CoCmd_Button	16	static
../DEMO/riverdi-eve/eve_layer/CoPro_Cmds.c:341:1:Gpu_CoCmd_MemWrite	0	static
../DEMO/riverdi-eve/eve_layer/CoPro_Cmds.c:351:1:Gpu_CoCmd_Scrollbar	0	static
../DEMO/riverdi-eve/eve_layer/CoPro_Cmds.c:367:1:Gpu_CoCmd_GetMatrix	0	static
../DEMO/riverdi-eve/eve_layer/CoPro_Cmds.c:382:1:Gpu_CoCmd_Sketch	0	static
../DEMO/riverdi-eve/eve_layer/CoPro_Cmds.c:395:1:Gpu_CoCmd_CSketch	0	static
../DEMO/riverdi-eve/eve_layer/CoPro_Cmds.c:426:1:Gpu_CoCmd_MemSet	0	static
../DEMO/riverdi-eve/eve_layer/CoPro_Cmds.c:438:1:Gpu_CoCmd_GradColor	0	static
../DEMO/riverdi-eve/eve_layer/CoPro_Cmds.c:455:1:Gpu_CoCmd_BitmapTransform	0	static
../DEMO/riverdi-eve/eve_layer/CoPro_Cmds.c:479:1:Gpu_CoCmd_Calibrate	0	static
../DEMO/riverdi-eve/eve_layer/CoPro_Cmds.c:489:1:Gpu_CoCmd_SetFont	0	static
../DEMO/riverdi-eve/eve_layer/CoPro_Cmds.c:499:1:Gpu_CoCmd_Logo	0	static
../DEMO/riverdi-eve/eve_layer/CoPro_Cmds.c:507:1:Gpu_CoCmd_Append	0	static
../DEMO/riverdi-eve/eve_layer/CoPro_Cmds.c:517:1:Gpu_CoCmd_MemZero	0	static
../DEMO/riverdi-eve/eve_layer/CoPro_Cmds.c:527:1:Gpu_CoCmd_Scale	0	static
../DEMO/riverdi-eve/eve_layer/CoPro_Cmds.c:537:1:Gpu_CoCmd_Clock	0	static
../DEMO/riverdi-eve/eve_layer/CoPro_Cmds.c:552:1:Gpu_CoCmd_Gradient	0	static
../DEMO/riverdi-eve/eve_layer/CoPro_Cmds.c:565:1:Gpu_CoCmd_SetMatrix	0	static
../DEMO/riverdi-eve/eve_layer/CoPro_Cmds.c:573:1:Gpu_CoCmd_Track	0	static
../DEMO/riverdi-eve/eve_layer/CoPro_Cmds.c:585:1:Gpu_CoCmd_GetPtr	0	static
../DEMO/riverdi-eve/eve_layer/CoPro_Cmds.c:594:1:Gpu_CoCmd_Progress	0	static
../DEMO/riverdi-eve/eve_layer/CoPro_Cmds.c:608:1:Gpu_CoCmd_ColdStart	0	static
../DEMO/riverdi-eve/eve_layer/CoPro_Cmds.c:616:1:Gpu_CoCmd_Keys	0	static
../DEMO/riverdi-eve/eve_layer/CoPro_Cmds.c:630:1:Gpu_CoCmd_Dial	0	static
../DEMO/riverdi-eve/eve_layer/CoPro_Cmds.c:643:1:Gpu_CoCmd_LoadImage	0	static
../DEMO/riverdi-eve/eve_layer/CoPro_Cmds.c:653:1:Gpu_CoCmd_Dlstart	0	static
../DEMO/riverdi-eve/eve_layer/CoPro_Cmds.c:661:1:Gpu_CoCmd_Snapshot	0	static
../DEMO/riverdi-eve/eve_layer/CoPro_Cmds.c:670:1:Gpu_CoCmd_ScreenSaver	0	static
../DEMO/riverdi-eve/eve_layer/CoPro_Cmds.c:678:1:Gpu_CoCmd_MemCrc	0	static
../DEMO/riverdi-eve/eve_layer/CoPro_Cmds.c:690:1:GET_ASTC_FORMAT	0	static
../DEMO/riverdi-eve/eve_layer/CoPro_Cmds.c:732:1:astc_tile2	64	static
../DEMO/riverdi-eve/eve_layer/CoPro_Cmds.c:788:1:Gpu_CoCmd_SetBitmap	0	static
../DEMO/riverdi-eve/eve_layer/CoPro_Cmds.c:800:1:Gpu_CoCmd_SetScratch	0	static
../DEMO/riverdi-eve/eve_layer/CoPro_Cmds.c:809:1:Gpu_CoCmd_VideoStart	0	static
../DEMO/riverdi-eve/eve_layer/CoPro_Cmds.c:817:1:Gpu_CoCmd_SetBase	0	static
../DEMO/riverdi-eve/eve_layer/CoPro_Cmds.c:826:1:Gpu_CoCmd_VideoFrame	0	static
../DEMO/riverdi-eve/eve_layer/CoPro_Cmds.c:836:1:Gpu_CoCmd_RomFont	0	static
../DEMO/riverdi-eve/eve_layer/CoPro_Cmds.c:846:1:Gpu_CoCmd_PlayVideo	0	static
../DEMO/riverdi-eve/eve_layer/CoPro_Cmds.c:855:1:Gpu_CoCmd_Sync	0	static
../DEMO/riverdi-eve/eve_layer/CoPro_Cmds.c:863:1:Gpu_CoCmd_Int_RAMShared	0	static
../DEMO/riverdi-eve/eve_layer/CoPro_Cmds.c:872:1:Gpu_CoCmd_Int_SWLoadImage	0	static
../DEMO/riverdi-eve/eve_layer/CoPro_Cmds.c:883:1:Gpu_CoCmd_MediaFifo	0	static
../DEMO/riverdi-eve/eve_layer/CoPro_Cmds.c:893:1:Gpu_CoCmd_Snapshot2	0	static
../DEMO/riverdi-eve/eve_layer/CoPro_Cmds.c:906:1:Gpu_CoCmd_SetFont2	0	static
../DEMO/riverdi-eve/eve_layer/CoPro_Cmds.c:918:1:Gpu_CoCmd_SetRotate	0	static
../DEMO/riverdi-eve/eve_layer/CoPro_Cmds.c:927:1:Set_GpuClock	8	static
../DEMO/riverdi-eve/eve_layer/CoPro_Cmds.c:940:1:Get_GpuClock	16	static
../DEMO/riverdi-eve/eve_layer/CoPro_Cmds.c:949:1:Gpu_CoCmd_VideoStartF	0	static
../DEMO/riverdi-eve/eve_layer/CoPro_Cmds.c:957:1:Gpu_CoCmd_FillWidth	0	static
../DEMO/riverdi-eve/eve_layer/CoPro_Cmds.c:966:1:Gpu_CoCmd_Nop	0	static
../DEMO/riverdi-eve/eve_layer/CoPro_Cmds.c:974:1:Gpu_CoCmd_GetPoint	0	static
../DEMO/riverdi-eve/eve_layer/CoPro_Cmds.c:986:1:Gpu_CoCmd_Inflate2	0	static
../DEMO/riverdi-eve/eve_layer/CoPro_Cmds.c:996:1:Gpu_CoCmd_RotateAround	0	static
../DEMO/riverdi-eve/eve_layer/CoPro_Cmds.c:1009:1:Gpu_CoCmd_FlashErase	0	static
../DEMO/riverdi-eve/eve_layer/CoPro_Cmds.c:1022:1:Gpu_CoCmd_FlashWriteExt	0	static
../DEMO/riverdi-eve/eve_layer/CoPro_Cmds.c:1045:1:Gpu_CoCmd_FlashWrite	0	static
../DEMO/riverdi-eve/eve_layer/CoPro_Cmds.c:1060:1:Gpu_CoCmd_FlashUpdate	0	static
../DEMO/riverdi-eve/eve_layer/CoPro_Cmds.c:1073:1:Gpu_CoCmd_FlashRead	0	static
../DEMO/riverdi-eve/eve_layer/CoPro_Cmds.c:1085:1:Gpu_CoCmd_FlashSource	0	static
../DEMO/riverdi-eve/eve_layer/CoPro_Cmds.c:1094:1:Gpu_CoCmd_FlashSpiTx	0	static
../DEMO/riverdi-eve/eve_layer/CoPro_Cmds.c:1103:1:Gpu_CoCmd_FlashFast	0	static
../DEMO/riverdi-eve/eve_layer/CoPro_Cmds.c:1112:1:Gpu_CoCmd_FlashSpiRx	0	static
../DEMO/riverdi-eve/eve_layer/CoPro_Cmds.c:1122:1:Gpu_CoCmd_FlashAttach	0	static
../DEMO/riverdi-eve/eve_layer/CoPro_Cmds.c:1130:1:Gpu_CoCmd_FlashDetach	0	static
../DEMO/riverdi-eve/eve_layer/CoPro_Cmds.c:1138:1:Gpu_CoCmd_FlashSpiDesel	0	static
../DEMO/riverdi-eve/eve_layer/CoPro_Cmds.c:1146:1:Gpu_CoCmd_ClearCache	0	static
../DEMO/riverdi-eve/eve_layer/CoPro_Cmds.c:1154:1:Gpu_CoCmd_Int_RamShared	0	static
../DEMO/riverdi-eve/eve_layer/CoPro_Cmds.c:1163:1:Gpu_CoCmd_Sha1	0	static
../DEMO/riverdi-eve/eve_layer/CoPro_Cmds.c:1175:1:Gpu_CoCmd_ResetFonts	0	static
../DEMO/riverdi-eve/eve_layer/CoPro_Cmds.c:1183:1:Gpu_CoCmd_AnimStart	0	static
../DEMO/riverdi-eve/eve_layer/CoPro_Cmds.c:1195:1:Gpu_CoCmd_GradientA	0	static
../DEMO/riverdi-eve/eve_layer/CoPro_Cmds.c:1208:1:Gpu_CoCmd_AnimStop	0	static
../DEMO/riverdi-eve/eve_layer/CoPro_Cmds.c:1217:1:Gpu_CoCmd_AnimXY	0	static
../DEMO/riverdi-eve/eve_layer/CoPro_Cmds.c:1227:1:Gpu_CoCmd_AnimDraw	0	static
../DEMO/riverdi-eve/eve_layer/CoPro_Cmds.c:1236:1:Gpu_CoCmd_AnimFrame	0	static
../DEMO/riverdi-eve/eve_layer/CoPro_Cmds.c:1248:1:Gpu_CoCmd_AppendF	0	static
../DEMO/riverdi-eve/eve_layer/CoPro_Cmds.c:1258:1:Gpu_CoCmd_FlashHelper_Init	16	static
../DEMO/riverdi-eve/eve_layer/CoPro_Cmds.c:1276:1:Gpu_CoCmd_FlashHelper_SwitchState	16	static
../DEMO/riverdi-eve/eve_layer/CoPro_Cmds.c:1335:1:Gpu_CoCmd_FlashHelper_SwitchFullMode	8	static
../DEMO/riverdi-eve/eve_layer/CoPro_Cmds.c:1384:1:Gpu_CoCmd_FlashHelper_Write	16	static
../DEMO/riverdi-eve/eve_layer/CoPro_Cmds.c:1441:1:Gpu_CoCmd_FlashHelper_Update	16	static
../DEMO/riverdi-eve/eve_layer/CoPro_Cmds.c:1487:1:Gpu_CoCmd_FlashHelper_Read	24	static
../DEMO/riverdi-eve/eve_layer/CoPro_Cmds.c:1507:1:Gpu_CoCmd_FlashHelper_Erase	8	static
../DEMO/riverdi-eve/eve_layer/CoPro_Cmds.c:1521:1:Gpu_CoCmd_FlashHelper_ClearCache	0	static
../DEMO/riverdi-eve/eve_layer/CoPro_Cmds.c:1536:1:Gpu_CoCmd_FlashHelper_GetState	0	static
../DEMO/riverdi-eve/eve_layer/CoPro_Cmds.c:1542:1:Gpu_Copro_SendCmd	0	static
../DEMO/riverdi-eve/eve_layer/CoPro_Cmds.c:1562:1:Gpu_CoCmd_SendStr	0	static
../DEMO/riverdi-eve/eve_layer/CoPro_Cmds.c:1589:1:Gpu_CoCmd_StartFunc	0	static
../DEMO/riverdi-eve/eve_layer/CoPro_Cmds.c:1607:1:Gpu_CoCmd_EndFunc	0	static
