E:/TouchGFX/4.18.1/designer/Riverdi_101STM32H7/Drivers/STM32H7xx_HAL_Driver/Src/stm32h7xx_hal_sd_ex.c:83:19:HAL_SDEx_ConfigDMAMultiBuffer	8	static
E:/TouchGFX/4.18.1/designer/Riverdi_101STM32H7/Drivers/STM32H7xx_HAL_Driver/Src/stm32h7xx_hal_sd_ex.c:109:19:HAL_SDEx_ReadBlocksDMAMultiBuffer	48	static
E:/TouchGFX/4.18.1/designer/Riverdi_101STM32H7/Drivers/STM32H7xx_HAL_Driver/Src/stm32h7xx_hal_sd_ex.c:195:19:HAL_SDEx_WriteBlocksDMAMultiBuffer	48	static
E:/TouchGFX/4.18.1/designer/Riverdi_101STM32H7/Drivers/STM32H7xx_HAL_Driver/Src/stm32h7xx_hal_sd_ex.c:279:19:HAL_SDEx_ChangeDMABuffer	0	static
